// Jest Snapshot v1, https://goo.gl/fbAQLP

exports[`App Component Renders correctly 1`] = `ReactWrapper {}`;

exports[`SMSNav Component Renders correctly 1`] = `null`;
